{"title": "Implement a handler", "content_type": "Action", "date": "2022-02-19", "date_type": "Weekly", "week_number": 3}