[
  {
    "id": 1,
    "title": "test1",
		"date": "2022",
		"date_type": "Weekly",
		"week_number": 3,
  },
  {
    "id": 2,
    "title": "test2",
    "date": "2022-06",
		"date_type": "Monthly",
		"week_number": 0,
  }
]